^(?<major>0|[1-9][0-9]*)\.(?<minor>0|[1-9][0-9]*)\.(?<patch>0|[1-9][0-9]*)(?:-(?<prerelease>(?:0|[1-9][0-9]*|[0-9]*[a-zA-Z-][0-9a-zA-Z-]*)(?:\.(?:0|[1-9][0-9]*|[0-9]*[a-zA-Z-][0-9a-zA-Z-]*))*))?(?:\+(?<buildmetadata>[0-9a-zA-Z-]+(?:\.[0-9a-zA-Z-]+)*))?$\n